10
@A 58:48:10 72:101:108 26995
i 03:14:20 03:18:50 18 0:0
Barcelona 05:22:10 06:01:40 25 0:0
Berlin 08:09:30 08:12:00 21 0:0
Reykjavik 10:04:15 10:07:45 30 0:0
Milan 12:16:50 12:19:30 24 0:0
Dublin 15:11:00 15:15:20 20 0:0
Bergen 18:23:40 19:02:15 28 0:0
Athens 22:06:10 22:09:55 19 0:0
Zurich 25:13:20 25:17:40 23 0:0
20
 108:111:110 97:32:48 14901
:10 06:01:40 25 0:0
Berlin 08:09:30 08:12:00 21 0:0
Reykjavik 10:04:15 10:07:45 30 0:0
Milan 12:16:50 12:19:30 24 0:0
Dublin 15:11:00 15:15:20 20 0:0
Bergen 18:23:40 19:02:15 28 0:0
Athens 22:06:10 22:09:55 19 0:0
Zurich 25:13:20 25:17:40 23 0:0
20
 58:51:48 32:48:56 12602
00 21 0:0
Reykjavik 10:04:15 10:07:45 30 0:0
Milan 12:16:50 12:19:30 24 0:0
Dublin 15:11:00 15:15:20 20 0:0
Bergen 18:23:40 19:02:15 28 0:0
Athens 22:06:10 22:09:55 19 0:0
Zurich 25:13:20 25:17:40 23 0:0
20
 48:55:58 52:53:32 12339
:0
Milan 12:16:50 12:19:30 24 0:0
Dublin 15:11:00 15:15:20 20 0:0
Bergen 18:23:40 19:02:15 28 0:0
Athens 22:06:10 22:09:55 19 0:0
Zurich 25:13:20 25:17:40 23 0:0
20
 48:10:68 117:98:108 28265
5:11:00 15:15:20 20 0:0
Bergen 18:23:40 19:02:15 28 0:0
Athens 22:06:10 22:09:55 19 0:0
Zurich 25:13:20 25:17:40 23 0:0
20
 56:58:50 51:58:52 8240
:02:15 28 0:0
Athens 22:06:10 22:09:55 19 0:0
Zurich 25:13:20 25:17:40 23 0:0
20
 58:48:57 58:53:53 12576
0:0
Zurich 25:13:20 25:17:40 23 0:0
20
 48:58:48 10:50:48 10
 0:0:0 0:0:0 0
 0:0:0 0:0:0 0
